[themesdesign.in/nazox/layouts/index.html]
[backblue.gif]
[fade.gif]
[index.html]
[themesdesign.in/nazox/layouts/assets/images/favicon.ico]
[themesdesign.in/nazox/layouts/assets/libs/admin-resources/jquery.vectormap/jquery-jvectormap-1.2.2.css]
[themesdesign.in/nazox/layouts/assets/libs/datatables.net-bs4/css/dataTables.bootstrap4.min.css]
[themesdesign.in/nazox/layouts/assets/libs/datatables.net-responsive-bs4/css/responsive.bootstrap4.min.css]
[themesdesign.in/nazox/layouts/assets/css/bootstrap.min.css]
[themesdesign.in/nazox/layouts/assets/css/app.min.css]
[themesdesign.in/nazox/layouts/assets/css/icons.min.css]
[themesdesign.in/nazox/layouts/assets/images/logo-sm-dark.png]
[themesdesign.in/nazox/layouts/assets/images/logo-dark.png]
[themesdesign.in/nazox/layouts/assets/images/logo-sm-light.png]
[themesdesign.in/nazox/layouts/assets/images/logo-light.png]
[themesdesign.in/nazox/layouts/assets/images/megamenu-img.png]
[themesdesign.in/nazox/layouts/assets/images/flags/us.jpg]
[themesdesign.in/nazox/layouts/assets/images/flags/spain.jpg]
[themesdesign.in/nazox/layouts/assets/images/flags/germany.jpg]
[themesdesign.in/nazox/layouts/assets/images/flags/italy.jpg]
[themesdesign.in/nazox/layouts/assets/images/flags/russia.jpg]
[themesdesign.in/nazox/layouts/assets/images/brands/github.png]
[themesdesign.in/nazox/layouts/assets/images/brands/bitbucket.png]
[themesdesign.in/nazox/layouts/assets/images/brands/dribbble.png]
[themesdesign.in/nazox/layouts/assets/images/brands/dropbox.png]
[themesdesign.in/nazox/layouts/assets/images/brands/mail_chimp.png]
[themesdesign.in/nazox/layouts/assets/images/brands/slack.png]
[themesdesign.in/nazox/layouts/assets/images/users/avatar-3.jpg]
[themesdesign.in/nazox/layouts/assets/images/users/avatar-4.jpg]
[themesdesign.in/nazox/layouts/assets/images/users/avatar-2.jpg]
[themesdesign.in/nazox/layouts/calendar.html]
[themesdesign.in/nazox/layouts/apps-chat.html]
[themesdesign.in/nazox/layouts/ecommerce-products.html]
[themesdesign.in/nazox/layouts/ecommerce-product-detail.html]
[themesdesign.in/nazox/layouts/ecommerce-orders.html]
[themesdesign.in/nazox/layouts/ecommerce-customers.html]
[themesdesign.in/nazox/layouts/ecommerce-cart.html]
[themesdesign.in/nazox/layouts/ecommerce-checkout.html]
[themesdesign.in/nazox/layouts/ecommerce-shops.html]
[themesdesign.in/nazox/layouts/ecommerce-add-product.html]
[themesdesign.in/nazox/layouts/email-inbox.html]
[themesdesign.in/nazox/layouts/email-read.html]
[themesdesign.in/nazox/layouts/apps-kanban-board.html]
[themesdesign.in/nazox/layouts/layouts-light-sidebar.html]
[themesdesign.in/nazox/layouts/layouts-compact-sidebar.html]
[themesdesign.in/nazox/layouts/layouts-icon-sidebar.html]
[themesdesign.in/nazox/layouts/layouts-boxed.html]
[themesdesign.in/nazox/layouts/layouts-preloader.html]
[themesdesign.in/nazox/layouts/layouts-colored-sidebar.html]
[themesdesign.in/nazox/layouts/layouts-horizontal.html]
[themesdesign.in/nazox/layouts/layouts-hori-topbar-light.html]
[themesdesign.in/nazox/layouts/layouts-hori-boxed-width.html]
[themesdesign.in/nazox/layouts/layouts-hori-preloader.html]
[themesdesign.in/nazox/layouts/layouts-hori-colored-header.html]
[themesdesign.in/nazox/layouts/auth-login.html]
[themesdesign.in/nazox/layouts/auth-register.html]
[themesdesign.in/nazox/layouts/auth-recoverpw.html]
[themesdesign.in/nazox/layouts/auth-lock-screen.html]
[themesdesign.in/nazox/layouts/pages-starter.html]
[themesdesign.in/nazox/layouts/pages-maintenance.html]
[themesdesign.in/nazox/layouts/pages-comingsoon.html]
[themesdesign.in/nazox/layouts/pages-timeline.html]
[themesdesign.in/nazox/layouts/pages-faqs.html]
[themesdesign.in/nazox/layouts/pages-pricing.html]
[themesdesign.in/nazox/layouts/pages-404.html]
[themesdesign.in/nazox/layouts/pages-500.html]
[themesdesign.in/nazox/layouts/ui-alerts.html]
[themesdesign.in/nazox/layouts/ui-buttons.html]
[themesdesign.in/nazox/layouts/ui-cards.html]
[themesdesign.in/nazox/layouts/ui-carousel.html]
[themesdesign.in/nazox/layouts/ui-dropdowns.html]
[themesdesign.in/nazox/layouts/ui-grid.html]
[themesdesign.in/nazox/layouts/ui-images.html]
[themesdesign.in/nazox/layouts/ui-lightbox.html]
[themesdesign.in/nazox/layouts/ui-modals.html]
[themesdesign.in/nazox/layouts/ui-offcanvas.html]
[themesdesign.in/nazox/layouts/ui-rangeslider.html]
[themesdesign.in/nazox/layouts/ui-roundslider.html]
[themesdesign.in/nazox/layouts/ui-session-timeout.html]
[themesdesign.in/nazox/layouts/ui-progressbars.html]
[themesdesign.in/nazox/layouts/ui-sweet-alert.html]
[themesdesign.in/nazox/layouts/ui-tabs-accordions.html]
[themesdesign.in/nazox/layouts/ui-typography.html]
[themesdesign.in/nazox/layouts/ui-video.html]
[themesdesign.in/nazox/layouts/ui-general.html]
[themesdesign.in/nazox/layouts/ui-rating.html]
[themesdesign.in/nazox/layouts/ui-notifications.html]
[themesdesign.in/nazox/layouts/form-elements.html]
[themesdesign.in/nazox/layouts/form-validation.html]
[themesdesign.in/nazox/layouts/form-advanced.html]
[themesdesign.in/nazox/layouts/form-editors.html]
[themesdesign.in/nazox/layouts/form-uploads.html]
[themesdesign.in/nazox/layouts/form-wizard.html]
[themesdesign.in/nazox/layouts/form-mask.html]
[themesdesign.in/nazox/layouts/tables-basic.html]
[themesdesign.in/nazox/layouts/tables-datatable.html]
[themesdesign.in/nazox/layouts/tables-responsive.html]
[themesdesign.in/nazox/layouts/tables-editable.html]
[themesdesign.in/nazox/layouts/charts-apex.html]
[themesdesign.in/nazox/layouts/charts-chartjs.html]
[themesdesign.in/nazox/layouts/charts-flot.html]
[themesdesign.in/nazox/layouts/charts-knob.html]
[themesdesign.in/nazox/layouts/charts-sparkline.html]
[themesdesign.in/nazox/layouts/icons-remix.html]
[themesdesign.in/nazox/layouts/icons-materialdesign.html]
[themesdesign.in/nazox/layouts/icons-dripicons.html]
[themesdesign.in/nazox/layouts/icons-fontawesome.html]
[themesdesign.in/nazox/layouts/maps-google.html]
[themesdesign.in/nazox/layouts/maps-vector.html]
[themesdesign.in/nazox/layouts/assets/images/companies/img-1.png]
[themesdesign.in/nazox/layouts/assets/images/companies/img-2.png]
[themesdesign.in/nazox/layouts/assets/images/companies/img-3.png]
[themesdesign.in/nazox/layouts/assets/images/layouts/layout-1.jpg]
[themesdesign.in/nazox/layouts/assets/images/layouts/layout-2.jpg]
[themesdesign.in/nazox/layouts/assets/images/layouts/layout-3.jpg]
[themesdesign.in/nazox/layouts/assets/css/app-rtl.min.css]
[themesdesign.in/nazox/layouts/assets/libs/jquery/jquery.min.js]
[themesdesign.in/nazox/layouts/assets/libs/bootstrap/js/bootstrap.bundle.min.js]
[themesdesign.in/nazox/layouts/assets/libs/metismenu/metisMenu.min.js]
[themesdesign.in/nazox/layouts/assets/libs/simplebar/simplebar.min.js]
[themesdesign.in/nazox/layouts/assets/libs/node-waves/waves.min.js]
[themesdesign.in/nazox/layouts/assets/libs/admin-resources/jquery.vectormap/jquery-jvectormap-1.2.2.min.js]
[themesdesign.in/nazox/layouts/assets/libs/apexcharts/apexcharts.min.js]
[themesdesign.in/nazox/layouts/assets/libs/admin-resources/jquery.vectormap/maps/jquery-jvectormap-us-merc-en.js]
[themesdesign.in/nazox/layouts/assets/libs/datatables.net/js/jquery.dataTables.min.js]
[themesdesign.in/nazox/layouts/assets/libs/datatables.net-bs4/js/dataTables.bootstrap4.min.js]
[themesdesign.in/nazox/layouts/assets/libs/datatables.net-responsive/js/dataTables.responsive.min.js]
[themesdesign.in/nazox/layouts/assets/libs/datatables.net-responsive-bs4/js/responsive.bootstrap4.min.js]
[themesdesign.in/nazox/layouts/assets/js/pages/dashboard.init.js]
[themesdesign.in/nazox/layouts/assets/js/app.js]
[themesdesign.in/nazox/layouts/index.html]
[themesdesign.in/nazox/layouts/assets/libs/admin-resources/jquery.vectormap/jquery-jvectormap-1.2.2.css]
[themesdesign.in/nazox/layouts/assets/libs/datatables.net-bs4/css/dataTables.bootstrap4.min.css]
[themesdesign.in/nazox/layouts/assets/libs/datatables.net-responsive-bs4/css/responsive.bootstrap4.min.css]
[themesdesign.in/nazox/layouts/assets/css/bootstrap.min.css]
[themesdesign.in/nazox/layouts/assets/fonts/materialdesignicons-webfont3e71.eot]
[themesdesign.in/nazox/layouts/assets/fonts/materialdesignicons-webfontd41d.eot]
[themesdesign.in/nazox/layouts/assets/fonts/materialdesignicons-webfont3e71.woff2]
[themesdesign.in/nazox/layouts/assets/fonts/materialdesignicons-webfont3e71.woff]
[themesdesign.in/nazox/layouts/assets/fonts/materialdesignicons-webfont3e71.ttf]
[themesdesign.in/nazox/layouts/assets/fonts/fa-brands-400.eot]
[themesdesign.in/nazox/layouts/assets/fonts/fa-brands-400d41d.eot]
[themesdesign.in/nazox/layouts/assets/fonts/fa-brands-400.woff2]
[themesdesign.in/nazox/layouts/assets/fonts/fa-brands-400.woff]
[themesdesign.in/nazox/layouts/assets/fonts/fa-brands-400.ttf]
[themesdesign.in/nazox/layouts/assets/fonts/fa-regular-400.eot]
[themesdesign.in/nazox/layouts/assets/fonts/fa-regular-400d41d.eot]
[themesdesign.in/nazox/layouts/assets/fonts/fa-regular-400.woff2]
[themesdesign.in/nazox/layouts/assets/fonts/fa-regular-400.woff]
[themesdesign.in/nazox/layouts/assets/fonts/fa-regular-400.ttf]
[themesdesign.in/nazox/layouts/assets/fonts/fa-solid-900.eot]
[themesdesign.in/nazox/layouts/assets/fonts/fa-solid-900d41d.eot]
[themesdesign.in/nazox/layouts/assets/fonts/fa-solid-900.woff2]
[themesdesign.in/nazox/layouts/assets/fonts/fa-solid-900.woff]
[themesdesign.in/nazox/layouts/assets/fonts/fa-solid-900.ttf]
[themesdesign.in/nazox/layouts/assets/fonts/dripicons-v2.eot]
[themesdesign.in/nazox/layouts/assets/fonts/dripicons-v2d41d.eot]
[themesdesign.in/nazox/layouts/assets/fonts/dripicons-v2.woff]
[themesdesign.in/nazox/layouts/assets/fonts/dripicons-v2.ttf]
[themesdesign.in/nazox/layouts/assets/fonts/remixicon7c01.eot]
[themesdesign.in/nazox/layouts/assets/fonts/remixicon7c01.woff2]
[themesdesign.in/nazox/layouts/assets/fonts/remixicon7c01.woff]
[themesdesign.in/nazox/layouts/assets/fonts/remixicon7c01.ttf]
[themesdesign.in/nazox/layouts/assets/css/icons.min.css]
[themesdesign.in/nazox/layouts/assets/css/app.min.css]
[themesdesign.in/nazox/layouts/assets/libs/@fullcalendar/core/main.min.css]
[themesdesign.in/nazox/layouts/assets/libs/@fullcalendar/daygrid/main.min.css]
[themesdesign.in/nazox/layouts/assets/libs/@fullcalendar/bootstrap/main.min.css]
[themesdesign.in/nazox/layouts/assets/libs/@fullcalendar/timegrid/main.min.css]
[themesdesign.in/nazox/layouts/assets/libs/moment/min/moment.min.js]
[themesdesign.in/nazox/layouts/assets/libs/@fullcalendar/core/main.min.js]
[themesdesign.in/nazox/layouts/assets/libs/jquery-ui-dist/jquery-ui.min.js]
[themesdesign.in/nazox/layouts/assets/libs/@fullcalendar/bootstrap/main.min.js]
[themesdesign.in/nazox/layouts/assets/libs/@fullcalendar/daygrid/main.min.js]
[themesdesign.in/nazox/layouts/assets/libs/@fullcalendar/timegrid/main.min.js]
[themesdesign.in/nazox/layouts/assets/libs/@fullcalendar/interaction/main.min.js]
[themesdesign.in/nazox/layouts/assets/js/pages/calendar.init.js]
[themesdesign.in/nazox/layouts/calendar.html]
[themesdesign.in/nazox/layouts/assets/images/users/avatar-6.jpg]
[themesdesign.in/nazox/layouts/apps-chat.html]
[themesdesign.in/nazox/layouts/assets/libs/ion-rangeslider/css/ion.rangeSlider.min.css]
[themesdesign.in/nazox/layouts/assets/images/product/img-1.png]
[themesdesign.in/nazox/layouts/assets/images/product/img-2.png]
[themesdesign.in/nazox/layouts/assets/images/product/img-3.png]
[themesdesign.in/nazox/layouts/assets/images/product/img-4.png]
[themesdesign.in/nazox/layouts/assets/images/product/img-5.png]
[themesdesign.in/nazox/layouts/assets/images/product/img-6.png]
[themesdesign.in/nazox/layouts/assets/libs/ion-rangeslider/js/ion.rangeSlider.min.js]
[themesdesign.in/nazox/layouts/assets/js/pages/product-filter-range.init.js]
[themesdesign.in/nazox/layouts/ecommerce-products.html]
[themesdesign.in/nazox/layouts/ecommerce-product-detail.html]
[themesdesign.in/nazox/layouts/assets/js/pages/ecommerce-order-datatables.init.js]
[themesdesign.in/nazox/layouts/ecommerce-orders.html]
[themesdesign.in/nazox/layouts/assets/js/pages/ecommerce-customer-datatables.init.js]
[themesdesign.in/nazox/layouts/ecommerce-customers.html]
[themesdesign.in/nazox/layouts/assets/libs/bootstrap-touchspin/jquery.bootstrap-touchspin.min.css]
[themesdesign.in/nazox/layouts/assets/libs/bootstrap-touchspin/jquery.bootstrap-touchspin.min.js]
[themesdesign.in/nazox/layouts/assets/js/pages/ecommerce-cart.init.js]
[themesdesign.in/nazox/layouts/ecommerce-cart.html]
[themesdesign.in/nazox/layouts/assets/libs/twitter-bootstrap-wizard/prettify.css]
[themesdesign.in/nazox/layouts/assets/libs/twitter-bootstrap-wizard/jquery.bootstrap.wizard.min.js]
[themesdesign.in/nazox/layouts/assets/libs/twitter-bootstrap-wizard/prettify.js]
[themesdesign.in/nazox/layouts/assets/js/pages/ecommerce-checkout.init.js]
[themesdesign.in/nazox/layouts/ecommerce-checkout.html]
[themesdesign.in/nazox/layouts/assets/images/companies/img-4.png]
[themesdesign.in/nazox/layouts/assets/images/companies/img-5.png]
[themesdesign.in/nazox/layouts/assets/images/companies/img-6.png]
[themesdesign.in/nazox/layouts/assets/images/companies/img-7.png]
[themesdesign.in/nazox/layouts/assets/images/companies/img-8.png]
[themesdesign.in/nazox/layouts/ecommerce-shops.html]
[themesdesign.in/nazox/layouts/assets/libs/select2/css/select2.min.css]
[themesdesign.in/nazox/layouts/assets/libs/dropzone/min/dropzone.min.css]
[themesdesign.in/nazox/layouts/assets/libs/select2/js/select2.min.js]
[themesdesign.in/nazox/layouts/assets/libs/dropzone/min/dropzone.min.js]
[themesdesign.in/nazox/layouts/assets/js/pages/ecommerce-add-product.init.js]
[themesdesign.in/nazox/layouts/ecommerce-add-product.html]
[themesdesign.in/nazox/layouts/assets/js/pages/form-editor.init.js]
[themesdesign.in/nazox/layouts/email-inbox.html]
[themesdesign.in/nazox/layouts/assets/libs/tinymce/tinymce.min.js]
[themesdesign.in/nazox/layouts/assets/images/small/img-3.jpg]
[themesdesign.in/nazox/layouts/assets/images/small/img-4.jpg]
[themesdesign.in/nazox/layouts/email-read.html]
[themesdesign.in/nazox/layouts/assets/libs/dragula/dragula.min.css]
[themesdesign.in/nazox/layouts/assets/images/users/avatar-5.jpg]
[themesdesign.in/nazox/layouts/assets/images/users/avatar-7.jpg]
[themesdesign.in/nazox/layouts/assets/images/users/avatar-8.jpg]
[themesdesign.in/nazox/layouts/assets/images/users/avatar-1.jpg]
[themesdesign.in/nazox/layouts/assets/libs/dragula/dragula.min.js]
[themesdesign.in/nazox/layouts/assets/js/pages/kanban.init.js]
[themesdesign.in/nazox/layouts/apps-kanban-board.html]
[themesdesign.in/nazox/layouts/layouts-light-sidebar.html]
[themesdesign.in/nazox/layouts/layouts-compact-sidebar.html]
[themesdesign.in/nazox/layouts/layouts-icon-sidebar.html]
[themesdesign.in/nazox/layouts/layouts-boxed.html]
[themesdesign.in/nazox/layouts/layouts-preloader.html]
[themesdesign.in/nazox/layouts/layouts-colored-sidebar.html]
[themesdesign.in/nazox/layouts/layouts-horizontal.html]
[themesdesign.in/nazox/layouts/layouts-hori-topbar-light.html]
[themesdesign.in/nazox/layouts/layouts-hori-boxed-width.html]
[themesdesign.in/nazox/layouts/layouts-hori-preloader.html]
[themesdesign.in/nazox/layouts/layouts-hori-colored-header.html]
[themesdesign.in/nazox/layouts/auth-login.html]
[themesdesign.in/nazox/layouts/auth-register.html]
[themesdesign.in/nazox/layouts/auth-recoverpw.html]
[themesdesign.in/nazox/layouts/auth-lock-screen.html]
[themesdesign.in/nazox/layouts/pages-starter.html]
[themesdesign.in/nazox/layouts/assets/images/maintenance-bg.png]
[themesdesign.in/nazox/layouts/pages-maintenance.html]
[themesdesign.in/nazox/layouts/assets/libs/jquery-countdown/jquery.countdown.min.js]
[themesdesign.in/nazox/layouts/assets/js/pages/coming-soon.init.js]
[themesdesign.in/nazox/layouts/pages-comingsoon.html]
[themesdesign.in/nazox/layouts/assets/images/small/img-2.jpg]
[themesdesign.in/nazox/layouts/pages-timeline.html]
[themesdesign.in/nazox/layouts/pages-faqs.html]
[themesdesign.in/nazox/layouts/pages-pricing.html]
[themesdesign.in/nazox/layouts/assets/images/error-img.png]
[themesdesign.in/nazox/layouts/pages-404.html]
[themesdesign.in/nazox/layouts/pages-500.html]
[themesdesign.in/nazox/layouts/ui-alerts.html]
[themesdesign.in/nazox/layouts/ui-buttons.html]
[themesdesign.in/nazox/layouts/assets/images/small/img-1.jpg]
[themesdesign.in/nazox/layouts/assets/images/small/img-5.jpg]
[themesdesign.in/nazox/layouts/assets/images/small/img-7.jpg]
[themesdesign.in/nazox/layouts/assets/images/small/img-6.jpg]
[themesdesign.in/nazox/layouts/assets/libs/masonry-layout/masonry.pkgd.min.js]
[themesdesign.in/nazox/layouts/ui-cards.html]
[themesdesign.in/nazox/layouts/ui-carousel.html]
[themesdesign.in/nazox/layouts/ui-dropdowns.html]
[themesdesign.in/nazox/layouts/ui-grid.html]
[themesdesign.in/nazox/layouts/ui-images.html]
[themesdesign.in/nazox/layouts/assets/libs/magnific-popup/magnific-popup.css]
[themesdesign.in/nazox/layouts/assets/libs/magnific-popup/jquery.magnific-popup.min.js]
[themesdesign.in/nazox/layouts/assets/js/pages/lightbox.init.js]
[themesdesign.in/nazox/layouts/ui-lightbox.html]
[themesdesign.in/nazox/layouts/ui-modals.html]
[themesdesign.in/nazox/layouts/ui-offcanvas.html]
[themesdesign.in/nazox/layouts/assets/js/pages/range-sliders.init.js]
[themesdesign.in/nazox/layouts/ui-rangeslider.html]
[themesdesign.in/nazox/layouts/assets/libs/round-slider/roundslider.min.css]
[themesdesign.in/nazox/layouts/assets/libs/round-slider/roundslider.min.js]
[themesdesign.in/nazox/layouts/assets/js/pages/roundslider.init.js]
[themesdesign.in/nazox/layouts/ui-roundslider.html]
[themesdesign.in/nazox/layouts/assets/libs/@curiosityx/bootstrap-session-timeout/index.js]
[themesdesign.in/nazox/layouts/assets/js/pages/session-timeout.init.js]
[themesdesign.in/nazox/layouts/ui-session-timeout.html]
[themesdesign.in/nazox/layouts/ui-progressbars.html]
[themesdesign.in/nazox/layouts/assets/libs/sweetalert2/sweetalert2.min.css]
[themesdesign.in/nazox/layouts/assets/libs/sweetalert2/sweetalert2.min.js]
[themesdesign.in/nazox/layouts/assets/js/pages/sweet-alerts.init.js]
[themesdesign.in/nazox/layouts/ui-sweet-alert.html]
[themesdesign.in/nazox/layouts/ui-tabs-accordions.html]
[themesdesign.in/nazox/layouts/ui-typography.html]
[themesdesign.in/nazox/layouts/ui-video.html]
[themesdesign.in/nazox/layouts/ui-general.html]
[themesdesign.in/nazox/layouts/assets/libs/bootstrap-rating/bootstrap-rating.css]
[themesdesign.in/nazox/layouts/assets/libs/bootstrap-rating/bootstrap-rating.min.js]
[themesdesign.in/nazox/layouts/assets/js/pages/rating-init.js]
[themesdesign.in/nazox/layouts/ui-rating.html]
[themesdesign.in/nazox/layouts/assets/libs/toastr/build/toastr.min.css]
[themesdesign.in/nazox/layouts/assets/libs/toastr/build/toastr.min.js]
[themesdesign.in/nazox/layouts/assets/js/pages/toastr.init.js]
[themesdesign.in/nazox/layouts/ui-notifications.html]
[themesdesign.in/nazox/layouts/assets/libs/bs-custom-file-input/bs-custom-file-input.min.js]
[themesdesign.in/nazox/layouts/assets/js/pages/form-element.init.js]
[themesdesign.in/nazox/layouts/form-elements.html]
[themesdesign.in/nazox/layouts/assets/libs/parsleyjs/parsley.min.js]
[themesdesign.in/nazox/layouts/assets/js/pages/form-validation.init.js]
[themesdesign.in/nazox/layouts/form-validation.html]
[themesdesign.in/nazox/layouts/assets/libs/bootstrap-datepicker/css/bootstrap-datepicker.min.css]
[themesdesign.in/nazox/layouts/assets/libs/spectrum-colorpicker2/spectrum.min.css]
[themesdesign.in/nazox/layouts/assets/libs/bootstrap-datepicker/js/bootstrap-datepicker.min.js]
[themesdesign.in/nazox/layouts/assets/libs/spectrum-colorpicker2/spectrum.min.js]
[themesdesign.in/nazox/layouts/assets/libs/admin-resources/bootstrap-filestyle/bootstrap-filestyle.min.js]
[themesdesign.in/nazox/layouts/assets/libs/bootstrap-maxlength/bootstrap-maxlength.min.js]
[themesdesign.in/nazox/layouts/assets/js/pages/form-advanced.init.js]
[themesdesign.in/nazox/layouts/form-advanced.html]
[themesdesign.in/nazox/layouts/form-editors.html]
[themesdesign.in/nazox/layouts/form-uploads.html]
[themesdesign.in/nazox/layouts/assets/js/pages/form-wizard.init.js]
[themesdesign.in/nazox/layouts/form-wizard.html]
[themesdesign.in/nazox/layouts/assets/libs/inputmask/jquery.inputmask.min.js]
[themesdesign.in/nazox/layouts/assets/js/pages/form-mask.init.js]
[themesdesign.in/nazox/layouts/form-mask.html]
[themesdesign.in/nazox/layouts/tables-basic.html]
[themesdesign.in/nazox/layouts/assets/libs/datatables.net-buttons-bs4/css/buttons.bootstrap4.min.css]
[themesdesign.in/nazox/layouts/assets/libs/datatables.net-select-bs4/css/select.bootstrap4.min.css]
[themesdesign.in/nazox/layouts/assets/libs/datatables.net-buttons/js/dataTables.buttons.min.js]
[themesdesign.in/nazox/layouts/assets/libs/datatables.net-buttons-bs4/js/buttons.bootstrap4.min.js]
[themesdesign.in/nazox/layouts/assets/libs/jszip/jszip.min.js]
[themesdesign.in/nazox/layouts/assets/libs/pdfmake/build/pdfmake.min.js]
[themesdesign.in/nazox/layouts/assets/libs/datatables.net-buttons/js/buttons.html5.min.js]
[themesdesign.in/nazox/layouts/assets/libs/datatables.net-buttons/js/buttons.print.min.js]
[themesdesign.in/nazox/layouts/assets/libs/datatables.net-buttons/js/buttons.colVis.min.js]
[themesdesign.in/nazox/layouts/assets/libs/datatables.net-keytable/js/dataTables.keyTable.min.js]
[themesdesign.in/nazox/layouts/assets/libs/datatables.net-select/js/dataTables.select.min.js]
[themesdesign.in/nazox/layouts/assets/js/pages/datatables.init.js]
[themesdesign.in/nazox/layouts/tables-datatable.html]
[themesdesign.in/nazox/layouts/assets/libs/admin-resources/rwd-table/rwd-table.min.css]
[themesdesign.in/nazox/layouts/assets/libs/pdfmake/build/vfs_fonts.js]
[themesdesign.in/nazox/layouts/assets/libs/admin-resources/rwd-table/rwd-table.min.js]
[themesdesign.in/nazox/layouts/assets/js/pages/table-responsive.init.js]
[themesdesign.in/nazox/layouts/tables-responsive.html]
[themesdesign.in/nazox/layouts/assets/libs/datatables.net-keytable-bs4/css/keyTable.bootstrap4.min.css]
[themesdesign.in/nazox/layouts/assets/libs/table-edits/build/table-edits.min.js]
[themesdesign.in/nazox/layouts/assets/js/pages/table-editable.init.js]
[themesdesign.in/nazox/layouts/tables-editable.html]
[themesdesign.in/nazox/layouts/assets/js/pages/apexcharts.init.js]
[themesdesign.in/nazox/layouts/charts-apex.html]
[themesdesign.in/nazox/layouts/assets/libs/chart.js/chart.umd.js]
[themesdesign.in/nazox/layouts/assets/js/pages/chartjs.init.js]
[themesdesign.in/nazox/layouts/charts-chartjs.html]
[themesdesign.in/nazox/layouts/assets/libs/flot-charts/jquery.flot.js]
[themesdesign.in/nazox/layouts/assets/libs/flot-charts/jquery.flot.time.js]
[themesdesign.in/nazox/layouts/assets/libs/jquery.flot.tooltip/js/jquery.flot.tooltip.min.js]
[themesdesign.in/nazox/layouts/assets/libs/flot-charts/jquery.flot.resize.js]
[themesdesign.in/nazox/layouts/assets/libs/flot-charts/jquery.flot.pie.js]
[themesdesign.in/nazox/layouts/assets/libs/flot-charts/jquery.flot.selection.js]
[themesdesign.in/nazox/layouts/assets/libs/flot-charts/jquery.flot.stack.js]
[themesdesign.in/nazox/layouts/assets/libs/flot-charts/jquery.flot.crosshair.js]
[themesdesign.in/nazox/layouts/assets/js/pages/flot.init.js]
[themesdesign.in/nazox/layouts/charts-flot.html]
[themesdesign.in/nazox/layouts/assets/libs/jquery-knob/jquery.knob.min.js]
[themesdesign.in/nazox/layouts/assets/js/pages/jquery-knob.init.js]
[themesdesign.in/nazox/layouts/charts-knob.html]
[themesdesign.in/nazox/layouts/assets/libs/jquery-sparkline/jquery.sparkline.min.js]
[themesdesign.in/nazox/layouts/assets/js/pages/sparklines.init.js]
[themesdesign.in/nazox/layouts/charts-sparkline.html]
[themesdesign.in/nazox/layouts/icons-remix.html]
[themesdesign.in/nazox/layouts/assets/js/pages/remix-icons-list.js]
[themesdesign.in/nazox/layouts/icons-materialdesign.html]
[themesdesign.in/nazox/layouts/icons-dripicons.html]
[themesdesign.in/nazox/layouts/icons-fontawesome.html]
[themesdesign.in/nazox/layouts/assets/js/pages/materialdesign.init.js]
[themesdesign.in/nazox/layouts/assets/js/pages/fontawesome.init.js]
[themesdesign.in/nazox/layouts/assets/libs/gmaps/gmaps.min.js]
[themesdesign.in/nazox/layouts/assets/js/pages/gmaps.init.js]
[themesdesign.in/nazox/layouts/maps-google.html]
[themesdesign.in/nazox/layouts/assets/libs/admin-resources/jquery.vectormap/maps/jquery-jvectormap-world-mill-en.js]
[themesdesign.in/nazox/layouts/assets/libs/admin-resources/jquery.vectormap/maps/jquery-jvectormap-au-mill-en.js]
[themesdesign.in/nazox/layouts/assets/libs/admin-resources/jquery.vectormap/maps/jquery-jvectormap-in-mill-en.js]
[themesdesign.in/nazox/layouts/assets/libs/admin-resources/jquery.vectormap/maps/jquery-jvectormap-us-il-chicago-mill-en.js]
[themesdesign.in/nazox/layouts/assets/libs/admin-resources/jquery.vectormap/maps/jquery-jvectormap-uk-mill-en.js]
[themesdesign.in/nazox/layouts/assets/libs/admin-resources/jquery.vectormap/maps/jquery-jvectormap-ca-lcc-en.js]
[themesdesign.in/nazox/layouts/assets/js/pages/vector-maps.init.js]
[themesdesign.in/nazox/layouts/maps-vector.html]
[themesdesign.in/nazox/layouts/assets/css/app-dark.min.html]
[themesdesign.in/nazox/layouts/assets/fonts/inter-light46a7.woff2]
[themesdesign.in/nazox/layouts/assets/fonts/inter-light46a7.woff]
[themesdesign.in/nazox/layouts/assets/fonts/inter-regular46a7.woff2]
[themesdesign.in/nazox/layouts/assets/fonts/inter-regular46a7.woff]
[themesdesign.in/nazox/layouts/assets/fonts/inter-medium46a7.woff2]
[themesdesign.in/nazox/layouts/assets/fonts/inter-medium46a7.woff]
[themesdesign.in/nazox/layouts/assets/fonts/inter-bold46a7.woff2]
[themesdesign.in/nazox/layouts/assets/images/authentication-bg.jpg]
[themesdesign.in/nazox/layouts/assets/images/comingsoon-bg.jpg]
[themesdesign.in/nazox/layouts/assets/css/app-rtl.min.css]
[themesdesign.in/nazox/layouts/assets/fonts/fa-brands-400.svg]
[themesdesign.in/nazox/layouts/assets/fonts/fa-regular-400.svg]
[themesdesign.in/nazox/layouts/assets/fonts/fa-solid-900.svg]
[themesdesign.in/nazox/layouts/assets/fonts/dripicons-v2.svg]
[themesdesign.in/nazox/layouts/assets/fonts/remixicon7c01.svg]
[themesdesign.in/nazox/layouts/assets/libs/@fullcalendar/core/main.min.css]
[themesdesign.in/nazox/layouts/assets/libs/@fullcalendar/daygrid/main.min.css]
[themesdesign.in/nazox/layouts/assets/libs/@fullcalendar/bootstrap/main.min.css]
[themesdesign.in/nazox/layouts/assets/libs/@fullcalendar/timegrid/main.min.css]
[themesdesign.in/nazox/layouts/assets/libs/ion-rangeslider/css/ion.rangeSlider.min.css]
[themesdesign.in/nazox/layouts/assets/libs/bootstrap-touchspin/jquery.bootstrap-touchspin.min.css]
[themesdesign.in/nazox/layouts/assets/libs/twitter-bootstrap-wizard/prettify.css]
[themesdesign.in/nazox/layouts/assets/libs/select2/css/select2.min.css]
[themesdesign.in/nazox/layouts/assets/libs/dropzone/min/dropzone.min.css]
[themesdesign.in/nazox/layouts/assets/libs/dragula/dragula.min.css]
[themesdesign.in/nazox/layouts/form-xeditable.html]
[themesdesign.in/nazox/layouts/assets/libs/magnific-popup/magnific-popup.css]
[themesdesign.in/nazox/layouts/assets/libs/round-slider/roundslider.min.css]
[themesdesign.in/nazox/layouts/assets/libs/sweetalert2/sweetalert2.min.css]
[themesdesign.in/nazox/layouts/assets/libs/bootstrap-rating/bootstrap-rating.css]
[themesdesign.in/nazox/layouts/assets/libs/toastr/build/toastr.min.css]
[themesdesign.in/nazox/layouts/assets/libs/bootstrap-datepicker/css/bootstrap-datepicker.min.css]
[themesdesign.in/nazox/layouts/assets/libs/spectrum-colorpicker2/spectrum.min.css]
[themesdesign.in/nazox/layouts/assets/libs/datatables.net-buttons-bs4/css/buttons.bootstrap4.min.css]
[themesdesign.in/nazox/layouts/assets/libs/datatables.net-select-bs4/css/select.bootstrap4.min.css]
[themesdesign.in/nazox/layouts/assets/libs/admin-resources/rwd-table/rwd-table.min.css]
[themesdesign.in/nazox/layouts/assets/libs/datatables.net-autoFill-bs4/css/autoFill.bootstrap4.min.html]
[themesdesign.in/nazox/layouts/assets/libs/datatables.net-keytable-bs4/css/keyTable.bootstrap4.min.css]
[themesdesign.in/nazox/layouts/assets/libs/flot.curvedLines/curvedLines.html]
[themesdesign.in/nazox/layouts/assets/fonts/iter-bold46a7.html]
